app/[slug]/confirmacao/page.tsx(10,10): error TS2305: Module '"@/lib/utils"' has no exported member 'parseDuration'.
app/[slug]/horario/page.tsx(14,10): error TS2305: Module '"@/lib/utils"' has no exported member 'parseDuration'.
components/admin/CreateManualBookingModal.tsx(12,10): error TS2305: Module '"@/lib/utils"' has no exported member 'parseDuration'.
components/TimeSlotSelector.tsx(6,14): error TS2305: Module '"@/lib/utils"' has no exported member 'parseDuration'.
